// Jest Snapshot v1, https://goo.gl/fbAQLP

exports[`List Component renders correctly 1`] = `
<div>
  <a
    className="sc-bdVaJa hYXBqG"
    href="/"
    onClick={[Function]}
  >
    Home
  </a>
  <h1
    className="sc-bwzfXH kavGrA"
  >
    1
     List here!
  </h1>
</div>
`;
